[2026-02-12 01:57:12,119][SubspaceNet.hydra][INFO] - Hydra config composed
[2026-02-12 01:57:12,123][SubspaceNet.factory][INFO] - FACTORY DEBUG: snr being set in SystemModelParams: 10.0
[2026-02-12 01:57:12,123][SubspaceNet.factory][INFO] - FACTORY DEBUG: eta being set in SystemModelParams: 0.0
[2026-02-12 01:57:12,127][SubspaceNet.factory][WARNING] - SubspaceNet does not accept kwargs ['batch_norm', 'norm_layer', 'regularization', 'train_loss_type', 'variant']; dropping them for compatibility
[2026-02-12 01:57:12,129][src.train.core][INFO] - Simulation initialized with output directory: D:\LiLei\Python_projects\SubspaceNet_Update
[2026-02-12 01:57:12,130][src.train.core][INFO] - Trajectory mode: Disabled
[2026-02-12 01:57:12,132][src.train.core][INFO] - Starting training pipeline
[2026-02-12 01:57:12,132][src.train.core][INFO] - Starting data pipeline for scenario: training
[2026-02-12 01:57:12,132][src.train.core][INFO] - Creating new dataset
[2026-02-12 01:57:12,136][src.train.core][INFO] - Creating dataloaders with batch size: 256
[2026-02-12 01:57:12,136][src.train.core][INFO] - Using split: test=0.20, val=0.20, train=0.60
[2026-02-12 01:57:12,137][src.train.core][INFO] - Created dataloaders: train=1, val=1
[2026-02-12 01:57:12,137][src.train.core][INFO] - Creating test dataset: 1 samples (20%)
[2026-02-12 01:57:12,137][src.train.core][INFO] - Created test dataloader with 1 batches
[2026-02-12 01:57:12,137][src.train.core][INFO] - Running training pipeline (training.enabled=True, simulation.train_model=True)
[2026-02-12 01:57:12,137][src.train.core][INFO] - Starting training pipeline
[2026-02-12 01:57:12,137][src.train.core][INFO] - Using Lightning-native trainer path for non-trajectory training
[2026-02-12 01:57:13,696][src.train.core][INFO] - Lightning Trainer config: accelerator=cpu devices=1 max_epochs=1
[2026-02-12 01:57:13,708][pytorch_lightning.utilities.rank_zero][INFO] - GPU available: False, used: False
[2026-02-12 01:57:13,712][pytorch_lightning.utilities.rank_zero][INFO] - TPU available: False, using: 0 TPU cores
[2026-02-12 01:57:13,717][pytorch_lightning.callbacks.model_summary][INFO] - 
  | Name  | Type        | Params | Mode  | FLOPs
------------------------------------------------------
0 | model | SubspaceNet | 41.8 K | train | 0    
------------------------------------------------------
41.8 K    Trainable params
0         Non-trainable params
41.8 K    Total params
0.167     Total estimated model params size (MB)
10        Modules in train mode
0         Modules in eval mode
0         Total Flops
[2026-02-12 01:57:13,852][pytorch_lightning.utilities.rank_zero][INFO] - `Trainer.fit` stopped: `max_epochs=1` reached.
[2026-02-12 01:57:13,853][src.train.core][INFO] - Lightning-native training completed
[2026-02-12 01:57:13,857][src.utils.utils][INFO] - Model saved successfully to D:\LiLei\Python_projects\SubspaceNet_Update\checkpoints\saved_SubspaceNet_trained_20260212_015713.pt
[2026-02-12 01:57:13,857][src.train.core][INFO] - Saving results to D:\LiLei\Python_projects\SubspaceNet_Update
[2026-02-12 01:57:13,857][SubspaceNet.hydra][INFO] - Hydra run finished: success
