[2026-02-12 02:11:25,218][SubspaceNet.hydra][INFO] - Hydra config composed
[2026-02-12 02:11:25,222][SubspaceNet.factory][INFO] - FACTORY DEBUG: snr being set in SystemModelParams: 10.0
[2026-02-12 02:11:25,222][SubspaceNet.factory][INFO] - FACTORY DEBUG: eta being set in SystemModelParams: 0.0
[2026-02-12 02:11:25,226][SubspaceNet.factory][WARNING] - SubspaceNet does not accept kwargs ['batch_norm', 'norm_layer', 'regularization', 'train_loss_type', 'variant']; dropping them for compatibility
[2026-02-12 02:11:25,227][src.train.core][INFO] - Simulation initialized with output directory: D:\LiLei\Python_projects\SubspaceNet_Update
[2026-02-12 02:11:25,227][src.train.core][INFO] - Trajectory mode: Enabled
[2026-02-12 02:11:25,229][src.train.core][INFO] - Starting training pipeline
[2026-02-12 02:11:25,229][src.train.core][INFO] - Starting data pipeline for scenario: training
[2026-02-12 02:11:25,229][src.train.core][INFO] - Using trajectory-based data pipeline
[2026-02-12 02:11:25,229][SubspaceNet.data][INFO] - Creating dataset with 256 trajectories of length 10
[2026-02-12 02:11:25,231][SubspaceNet.data][INFO] - Generating trajectories with angle range: [-30.0, 30.0]
[2026-02-12 02:11:25,231][SubspaceNet.data][INFO] - Using RANDOM trajectory type: completely random angles at each step
[2026-02-12 02:11:25,470][SubspaceNet.data][INFO] - Trajectory plot saved to: experiments\results\trajectory_plots\trajectory_verification_20260212_021125.png
[2026-02-12 02:11:25,820][src.train.core][INFO] - Creating dataloaders with batch size: 2
[2026-02-12 02:11:25,820][src.train.core][INFO] - Using split: test=0.20, val=0.20, train=0.60
[2026-02-12 02:11:25,821][SubspaceNet.data][INFO] - Training dataset size: 192
[2026-02-12 02:11:25,821][SubspaceNet.data][INFO] - Validation dataset size: 64
[2026-02-12 02:11:25,821][src.train.core][INFO] - Created dataloaders: train=96, val=32
[2026-02-12 02:11:25,821][src.train.core][INFO] - Creating test dataset: 51 samples (20%)
[2026-02-12 02:11:25,821][SubspaceNet.data][INFO] - Creating dataset with 51 trajectories of length 10
[2026-02-12 02:11:25,821][SubspaceNet.data][INFO] - Generating trajectories with angle range: [-30.0, 30.0]
[2026-02-12 02:11:25,821][SubspaceNet.data][INFO] - Using RANDOM trajectory type: completely random angles at each step
[2026-02-12 02:11:25,960][SubspaceNet.data][INFO] - Trajectory plot saved to: experiments\results\trajectory_plots\trajectory_verification_20260212_021125.png
[2026-02-12 02:11:26,032][src.train.core][INFO] - Created test dataloader with 26 batches
[2026-02-12 02:11:26,033][src.train.core][INFO] - Running training pipeline (training.enabled=True, simulation.train_model=True)
[2026-02-12 02:11:26,033][src.train.core][INFO] - Starting training pipeline
[2026-02-12 02:11:26,033][src.train.core][INFO] - Using Lightning-native trainer path for trajectory training
[2026-02-12 02:11:27,662][src.train.core][INFO] - Lightning Trainer config: accelerator=cpu devices=1 max_epochs=1
[2026-02-12 02:11:34,033][src.train.core][INFO] - Lightning-native training completed
[2026-02-12 02:11:34,037][src.utils.utils][INFO] - Model saved successfully to D:\LiLei\Python_projects\SubspaceNet_Update\checkpoints\saved_SubspaceNet_trained_20260212_021134.pt
[2026-02-12 02:11:34,037][src.train.core][INFO] - Saving results to D:\LiLei\Python_projects\SubspaceNet_Update
[2026-02-12 02:11:34,037][SubspaceNet.hydra][INFO] - Hydra run finished: success
