[2026-02-12 02:06:56,838][SubspaceNet.hydra][INFO] - Hydra config composed
[2026-02-12 02:06:56,842][SubspaceNet.factory][INFO] - FACTORY DEBUG: snr being set in SystemModelParams: 10.0
[2026-02-12 02:06:56,842][SubspaceNet.factory][INFO] - FACTORY DEBUG: eta being set in SystemModelParams: 0.0
[2026-02-12 02:06:56,847][SubspaceNet.factory][WARNING] - SubspaceNet does not accept kwargs ['batch_norm', 'norm_layer', 'regularization', 'train_loss_type', 'variant']; dropping them for compatibility
[2026-02-12 02:06:56,848][src.train.core][INFO] - Simulation initialized with output directory: D:\LiLei\Python_projects\SubspaceNet_Update
[2026-02-12 02:06:56,848][src.train.core][INFO] - Trajectory mode: Enabled
[2026-02-12 02:06:56,849][src.train.core][INFO] - Starting training pipeline
[2026-02-12 02:06:56,850][src.train.core][INFO] - Starting data pipeline for scenario: training
[2026-02-12 02:06:56,850][src.train.core][INFO] - Using trajectory-based data pipeline
[2026-02-12 02:06:56,850][SubspaceNet.data][INFO] - Creating dataset with 256 trajectories of length 10
[2026-02-12 02:06:56,850][SubspaceNet.data][INFO] - Generating trajectories with angle range: [-30.0, 30.0]
[2026-02-12 02:06:56,850][SubspaceNet.data][INFO] - Using RANDOM trajectory type: completely random angles at each step
[2026-02-12 02:06:57,090][SubspaceNet.data][INFO] - Trajectory plot saved to: experiments\results\trajectory_plots\trajectory_verification_20260212_020657.png
[2026-02-12 02:06:57,434][src.train.core][INFO] - Creating dataloaders with batch size: 2
[2026-02-12 02:06:57,434][src.train.core][INFO] - Using split: test=0.20, val=0.20, train=0.60
[2026-02-12 02:06:57,434][SubspaceNet.data][INFO] - Training dataset size: 192
[2026-02-12 02:06:57,434][SubspaceNet.data][INFO] - Validation dataset size: 64
[2026-02-12 02:06:57,434][src.train.core][INFO] - Created dataloaders: train=96, val=32
[2026-02-12 02:06:57,435][src.train.core][INFO] - Creating test dataset: 51 samples (20%)
[2026-02-12 02:06:57,435][SubspaceNet.data][INFO] - Creating dataset with 51 trajectories of length 10
[2026-02-12 02:06:57,435][SubspaceNet.data][INFO] - Generating trajectories with angle range: [-30.0, 30.0]
[2026-02-12 02:06:57,435][SubspaceNet.data][INFO] - Using RANDOM trajectory type: completely random angles at each step
[2026-02-12 02:06:57,576][SubspaceNet.data][INFO] - Trajectory plot saved to: experiments\results\trajectory_plots\trajectory_verification_20260212_020657.png
[2026-02-12 02:06:57,642][src.train.core][INFO] - Created test dataloader with 26 batches
[2026-02-12 02:06:57,643][src.train.core][INFO] - Running training pipeline (training.enabled=True, simulation.train_model=True)
[2026-02-12 02:06:57,643][src.train.core][INFO] - Starting training pipeline
[2026-02-12 02:06:57,643][src.train.core][INFO] - Using Lightning-native trainer path for trajectory training
[2026-02-12 02:06:59,190][src.train.core][INFO] - Lightning Trainer config: accelerator=cpu devices=1 max_epochs=1
[2026-02-12 02:06:59,203][pytorch_lightning.utilities.rank_zero][INFO] - GPU available: False, used: False
[2026-02-12 02:06:59,205][pytorch_lightning.utilities.rank_zero][INFO] - TPU available: False, using: 0 TPU cores
[2026-02-12 02:06:59,210][pytorch_lightning.callbacks.model_summary][INFO] - 
  | Name  | Type        | Params | Mode  | FLOPs
------------------------------------------------------
0 | model | SubspaceNet | 41.8 K | train | 0    
------------------------------------------------------
41.8 K    Trainable params
0         Non-trainable params
41.8 K    Total params
0.167     Total estimated model params size (MB)
10        Modules in train mode
0         Modules in eval mode
0         Total Flops
[2026-02-12 02:07:05,657][pytorch_lightning.utilities.rank_zero][INFO] - `Trainer.fit` stopped: `max_epochs=1` reached.
[2026-02-12 02:07:05,660][src.train.core][INFO] - Lightning-native training completed
[2026-02-12 02:07:05,664][src.utils.utils][INFO] - Model saved successfully to D:\LiLei\Python_projects\SubspaceNet_Update\checkpoints\saved_SubspaceNet_trained_20260212_020705.pt
[2026-02-12 02:07:05,664][src.train.core][INFO] - Saving results to D:\LiLei\Python_projects\SubspaceNet_Update
[2026-02-12 02:07:05,665][SubspaceNet.hydra][INFO] - Hydra run finished: success
